// Jest Snapshot v1, https://goo.gl/fbAQLP

exports[`Pruebas en <GifExpertApp/> debe hacer match con el snapshot 1`] = `
<div>
  <div
    class="space-y-5"
  >
    <h1
      class="text-6xl text-center text-blue-500 font-bold"
    >
      GifExpertApp
    </h1>
    <form
      aria-label="form"
    >
      <input
        class="w-full p-2 border border-gray-300 rounded-md"
        placeholder="Buscar gifs"
        type="text"
        value=""
      />
    </form>
  </div>
</div>
`;
